[baseline_hh v001] instance=prob_9 blocks=200 bays=3 timelimit=60.0s
[Greedy] Instance : prob_9
[Greedy] Bays     : 3  |  Blocks : 200  |  Timelimit : 9.0s
[Greedy] Weights  : w1=13333  w2=5  w3=150
[Greedy] --------------------------------------------------------
[Greedy]   bay[0]  107x17
[Greedy]   bay[1]  172x24
[Greedy]   bay[2]  118x29
[Greedy] Short timelimit -> serial empty-window fallback
[Greedy] --------------------------------------------------------
[Greedy] Done  |  assigned=200/200  elapsed=0.10s
[Greedy] Objective : 530478364  (obj1=39783.0  obj2=3005.0  obj3=244.0)
[baseline_hh v001] greedy_serial_fallback: PASS obj=530478364.00 elapsed=0.10s remaining=59.86s
[baseline_hh v001] skip team_solver: no optional exact solver backend
[Greedy] Instance : prob_9
[Greedy] Bays     : 3  |  Blocks : 200  |  Timelimit : 59.6s
[Greedy] Weights  : w1=13333  w2=5  w3=150
[Greedy] --------------------------------------------------------
[Greedy]   bay[0]  107x17
[Greedy]   bay[1]  172x24
[Greedy]   bay[2]  118x29
[Greedy] --------------------------------------------------------
[Greedy] Phase 1 : EDD greedy placement ...
[Greedy]     20/200  block43   -> bay2 (18,11) oi=3  t=[11,17)  loads=[b0=39 b1=1294 b2=240]  fallback=0  2.4s
[Greedy]     40/200  block122  -> bay1 (145,0) oi=7  t=[16,25)  loads=[b0=868 b1=2152 b2=561]  fallback=0  7.4s
[Greedy]     60/200  block159  -> bay0 (6,5) oi=6  t=[32,37)  loads=[b0=1135 b1=2923 b2=802]  fallback=0  12.8s
[Greedy]     80/200  block91   -> bay0 (49,0) oi=0  t=[35,44)  loads=[b0=1899 b1=3412 b2=1229]  fallback=0  21.5s
[Greedy]    100/200  block195  -> bay2 (57,5) oi=1  t=[46,52)  loads=[b0=2231 b1=4274 b2=2057]  fallback=0  31.4s
[Greedy]    120/200  block112  -> bay1 (54,6) oi=4  t=[56,61)  loads=[b0=2932 b1=4670 b2=2662]  fallback=0  38.0s
[Greedy]    140/200  block192  -> bay2 (16,0) oi=1  t=[64,72)  loads=[b0=3082 b1=6014 b2=3319]  fallback=0  43.9s
[Greedy]    160/200  block186  -> bay0 (16,2) oi=0  t=[76,81)  loads=[b0=3543 b1=6925 b2=3446]  fallback=0  49.0s
[Greedy]    180/200  block152  -> bay1 (70,2) oi=0  t=[78,89)  loads=[b0=3724 b1=7621 b2=4244]  fallback=0  58.3s
[Greedy]    200/200  block44   -> bay1 (65,5) oi=1  t=[94,102)  loads=[b0=3913 b1=8463 b2=4722]  fallback=0  63.6s
[Greedy] Phase 1 done  |  placed=200  bay0=3913  bay1=8463  bay2=4722  elapsed=63.62s
[Greedy] --------------------------------------------------------
[Greedy] Phase 2 : repair  mode=greedy
[Greedy] Repair done  |  INFEASIBLE stage=2    elapsed=63.7s
[Greedy] Repair result infeasible stage=2 -> serial empty-window fallback
[Greedy] --------------------------------------------------------
[Greedy] Done  |  assigned=200/200  elapsed=63.67s
[Greedy] Objective : 530478364  (obj1=39783.0  obj2=3005.0  obj3=244.0)
[baseline_hh v001] greedy_repair_full: PASS obj=530478364.00 elapsed=63.82s remaining=0.00s
[baseline_hh v001] selected feasible obj=530478364.00 total_elapsed=63.99s
