[baseline_hh v001] instance=prob_11 blocks=200 bays=4 timelimit=60.0s
[Greedy] Instance : prob_11
[Greedy] Bays     : 4  |  Blocks : 200  |  Timelimit : 9.0s
[Greedy] Weights  : w1=22857  w2=7  w3=133
[Greedy] --------------------------------------------------------
[Greedy]   bay[0]  109x23
[Greedy]   bay[1]  156x28
[Greedy]   bay[2]  162x20
[Greedy]   bay[3]  172x21
[Greedy] Short timelimit -> serial empty-window fallback
[Greedy] --------------------------------------------------------
[Greedy] Done  |  assigned=200/200  elapsed=0.08s
[Greedy] Objective : 710914311  (obj1=31102.0  obj2=2271.0  obj3=0.0)
[baseline_hh v001] greedy_serial_fallback: PASS obj=710914311.00 elapsed=0.08s remaining=59.89s
[baseline_hh v001] skip team_solver: no optional exact solver backend
[Greedy] Instance : prob_11
[Greedy] Bays     : 4  |  Blocks : 200  |  Timelimit : 59.6s
[Greedy] Weights  : w1=22857  w2=7  w3=133
[Greedy] --------------------------------------------------------
[Greedy]   bay[0]  109x23
[Greedy]   bay[1]  156x28
[Greedy]   bay[2]  162x20
[Greedy]   bay[3]  172x21
[Greedy] --------------------------------------------------------
[Greedy] Phase 1 : EDD greedy placement ...
[Greedy]     20/200  block64   -> bay0 (66,12) oi=4  t=[8,15)  loads=[b0=226 b1=629 b2=422 b3=161]  fallback=0  1.7s
[Greedy]     40/200  block29   -> bay3 (0,0) oi=0  t=[15,22)  loads=[b0=707 b1=764 b2=835 b3=623]  fallback=0  5.1s
[Greedy]     60/200  block86   -> bay3 (159,0) oi=2  t=[17,25)  loads=[b0=826 b1=1507 b2=998 b3=1176]  fallback=0  11.9s
[Greedy]     80/200  block152  -> bay1 (42,0) oi=2  t=[27,32)  loads=[b0=1160 b1=2144 b2=1569 b3=1455]  fallback=0  22.3s
[Greedy]    100/200  block194  -> bay3 (67,14) oi=4  t=[24,34)  loads=[b0=1261 b1=2761 b2=1723 b3=2130]  fallback=0  30.0s
[Greedy]    120/200  block161  -> bay1 (29,1) oi=7  t=[36,41)  loads=[b0=1567 b1=3001 b2=1998 b3=2340]  fallback=0  35.9s
[Greedy]    140/200  block69   -> bay3 (62,0) oi=2  t=[38,47)  loads=[b0=2080 b1=3178 b2=2095 b3=2714]  fallback=0  42.6s
[Greedy]    160/200  block3    -> bay3 (146,1) oi=0  t=[40,50)  loads=[b0=2172 b1=3968 b2=2701 b3=3255]  fallback=0  49.9s
[Greedy]    180/200  block87   -> bay1 (14,4) oi=6  t=[51,56)  loads=[b0=2388 b1=4234 b2=3304 b3=3362]  fallback=0  62.1s
[Greedy]    200/200  block136  -> bay3 (27,0) oi=6  t=[55,65)  loads=[b0=3056 b1=4889 b2=3762 b3=4049]  fallback=0  80.0s
[Greedy] Phase 1 done  |  placed=200  bay0=3056  bay1=4889  bay2=3762  bay3=4049  elapsed=80.02s
[Greedy] --------------------------------------------------------
[Greedy] Phase 2 : repair  mode=greedy
[Greedy] Repair done  |  INFEASIBLE stage=2    elapsed=80.0s
[Greedy] Repair result infeasible stage=2 -> serial empty-window fallback
[Greedy] --------------------------------------------------------
[Greedy] Done  |  assigned=200/200  elapsed=80.05s
[Greedy] Objective : 710914311  (obj1=31102.0  obj2=2271.0  obj3=0.0)
[baseline_hh v001] greedy_repair_full: PASS obj=710914311.00 elapsed=80.17s remaining=0.00s
[baseline_hh v001] selected feasible obj=710914311.00 total_elapsed=80.32s
