[baseline_hh v001] instance=prob_2 blocks=100 bays=3 timelimit=60.0s
[Greedy] Instance : prob_2
[Greedy] Bays     : 3  |  Blocks : 100  |  Timelimit : 9.0s
[Greedy] Weights  : w1=29091  w2=10  w3=150
[Greedy] --------------------------------------------------------
[Greedy]   bay[0]  66x22
[Greedy]   bay[1]  54x27
[Greedy]   bay[2]  64x23
[Greedy] Short timelimit -> serial empty-window fallback
[Greedy] --------------------------------------------------------
[Greedy] Done  |  assigned=100/100  elapsed=0.04s
[Greedy] Objective : 277680215  (obj1=9545.0  obj2=662.0  obj3=0.0)
[baseline_hh v001] greedy_serial_fallback: PASS obj=277680215.00 elapsed=0.04s remaining=59.94s
[baseline_hh v001] skip team_solver: no optional exact solver backend
[Greedy] Instance : prob_2
[Greedy] Bays     : 3  |  Blocks : 100  |  Timelimit : 59.7s
[Greedy] Weights  : w1=29091  w2=10  w3=150
[Greedy] --------------------------------------------------------
[Greedy]   bay[0]  66x22
[Greedy]   bay[1]  54x27
[Greedy]   bay[2]  64x23
[Greedy] --------------------------------------------------------
[Greedy] Phase 1 : EDD greedy placement ...
[Greedy]     10/100  block6    -> bay2 (31,0) oi=6  t=[0,8)  loads=[b0=58 b1=89 b2=275]  fallback=0  0.5s
[Greedy]     20/100  block58   -> bay0 (45,0) oi=0  t=[9,18)  loads=[b0=234 b1=258 b2=544]  fallback=0  1.7s
[Greedy]     30/100  block39   -> bay2 (6,8) oi=2  t=[10,19)  loads=[b0=605 b1=932 b2=858]  fallback=0  4.9s
[Greedy]     40/100  block93   -> bay2 (28,0) oi=0  t=[16,23)  loads=[b0=858 b1=964 b2=1354]  fallback=0  9.7s
[Greedy]     50/100  block69   -> bay0 (46,0) oi=6  t=[20,27)  loads=[b0=1011 b1=1130 b2=1693]  fallback=0  17.8s
[Greedy]     60/100  block76   -> bay2 (39,0) oi=0  t=[28,35)  loads=[b0=1022 b1=1282 b2=2081]  fallback=0  20.6s
[Greedy]     70/100  block34   -> bay1 (0,1) oi=4  t=[35,39)  loads=[b0=1209 b1=1663 b2=2507]  fallback=0  26.0s
[Greedy]     80/100  block94   -> bay1 (24,19) oi=2  t=[30,40)  loads=[b0=1487 b1=1904 b2=2884]  fallback=0  33.4s
[Greedy]     90/100  block99   -> bay0 (41,16) oi=6  t=[35,44)  loads=[b0=2112 b1=2053 b2=2884]  fallback=0  44.7s
[Greedy]    100/100  block72   -> bay1 (53,2) oi=3  t=[43,53)  loads=[b0=2192 b1=2690 b2=2884]  fallback=0  57.6s
[Greedy] Phase 1 done  |  placed=100  bay0=2192  bay1=2690  bay2=2884  elapsed=57.65s
[Greedy] --------------------------------------------------------
[Greedy] Phase 2 : repair  mode=greedy
[Greedy] Repair pass 1: 22 violation(s)  stage=2  elapsed=57.7s
[Greedy]   repair   1/11  block58   [forced]  bay0 (0,0)  N/A -> [53,62)  elapsed=57.7s
[Greedy]   repair   2/11  block70   [forced]  bay1 (0,0)  N/A -> [53,58)  elapsed=57.7s
[Greedy]   repair   3/11  block35   [forced]  bay0 (11,0)  N/A -> [62,67)  elapsed=57.7s
[Greedy]   repair   4/11  block83   [forced]  bay1 (0,0)  N/A -> [58,66)  elapsed=57.7s
[Greedy]   repair   5/11  block7    [forced]  bay2 (0,2)  N/A -> [42,49)  elapsed=57.7s
[Greedy]   repair   6/11  block76   [forced]  bay2 (0,0)  N/A -> [49,56)  elapsed=57.7s
[Greedy]   repair   7/11  block41   [forced]  bay0 (0,4)  N/A -> [67,76)  elapsed=57.7s
[Greedy]   repair   8/11  block73   [forced]  bay0 (11,0)  N/A -> [76,83)  elapsed=57.7s
[Greedy]   repair   9/11  block29   [forced]  bay0 (10,0)  N/A -> [83,87)  elapsed=57.7s
[Greedy]   repair  10/11  block84   [forced]  bay2 (0,6)  N/A -> [56,63)  elapsed=57.7s
[Greedy]   repair  11/11  block59   [forced]  bay1 (0,0)  N/A -> [66,76)  elapsed=57.7s
[Greedy] Repair done  |  feasible  obj=10861943  forced=11  elapsed=57.9s
[Greedy] --------------------------------------------------------
[Greedy] Done  |  assigned=100/100  elapsed=57.85s
[Greedy] Objective : 10861943  (obj1=373.0  obj2=890.0  obj3=14.0)
[baseline_hh v001] greedy_repair_full: PASS obj=10861943.00 elapsed=57.92s remaining=1.96s
[baseline_hh v001] selected feasible obj=10861943.00 total_elapsed=58.04s
