[baseline_hh v001] instance=prob_5 blocks=150 bays=3 timelimit=60.0s
[Greedy] Instance : prob_5
[Greedy] Bays     : 3  |  Blocks : 150  |  Timelimit : 9.0s
[Greedy] Weights  : w1=16000  w2=7  w3=150
[Greedy] --------------------------------------------------------
[Greedy]   bay[0]  51x17
[Greedy]   bay[1]  155x23
[Greedy]   bay[2]  72x20
[Greedy] Short timelimit -> serial empty-window fallback
[Greedy] --------------------------------------------------------
[Greedy] Done  |  assigned=150/150  elapsed=0.05s
[Greedy] Objective : 348787282  (obj1=21796.0  obj2=7326.0  obj3=0.0)
[baseline_hh v001] greedy_serial_fallback: PASS obj=348787282.00 elapsed=0.05s remaining=59.93s
[baseline_hh v001] skip team_solver: no optional exact solver backend
[Greedy] Instance : prob_5
[Greedy] Bays     : 3  |  Blocks : 150  |  Timelimit : 59.7s
[Greedy] Weights  : w1=16000  w2=7  w3=150
[Greedy] --------------------------------------------------------
[Greedy]   bay[0]  51x17
[Greedy]   bay[1]  155x23
[Greedy]   bay[2]  72x20
[Greedy] --------------------------------------------------------
[Greedy] Phase 1 : EDD greedy placement ...
[Greedy]     15/150  block70   -> bay1 (63,5) oi=4  t=[7,15)  loads=[b0=353 b1=798 b2=472]  fallback=0  1.4s
[Greedy]     30/150  block100  -> bay0 (26,10) oi=0  t=[15,25)  loads=[b0=774 b1=1235 b2=657]  fallback=0  3.8s
[Greedy]     45/150  block133  -> bay1 (27,8) oi=4  t=[32,39)  loads=[b0=1129 b1=1607 b2=1001]  fallback=0  5.7s
[Greedy]     60/150  block146  -> bay2 (6,6) oi=0  t=[35,43)  loads=[b0=1173 b1=2181 b2=1713]  fallback=0  9.2s
[Greedy]     75/150  block35   -> bay1 (17,2) oi=0  t=[43,52)  loads=[b0=1509 b1=2522 b2=2072]  fallback=0  14.6s
[Greedy]     90/150  block45   -> bay2 (13,0) oi=2  t=[55,60)  loads=[b0=1530 b1=2961 b2=2454]  fallback=0  18.4s
[Greedy]    105/150  block74   -> bay1 (107,7) oi=3  t=[56,66)  loads=[b0=2109 b1=6176 b2=2826]  fallback=0  24.1s
[Greedy]    120/150  block55   -> bay1 (61,20) oi=2  t=[60,71)  loads=[b0=2328 b1=6760 b2=3033]  fallback=0  29.3s
[Greedy]    135/150  block54   -> bay1 (79,1) oi=4  t=[68,76)  loads=[b0=2707 b1=6932 b2=3417]  fallback=0  38.5s
[Greedy]    150/150  block49   -> bay1 (57,0) oi=2  t=[77,86)  loads=[b0=2794 b1=7448 b2=4037]  fallback=0  46.6s
[Greedy] Phase 1 done  |  placed=150  bay0=2794  bay1=7448  bay2=4037  elapsed=46.64s
[Greedy] --------------------------------------------------------
[Greedy] Phase 2 : repair  mode=greedy
[Greedy] Repair pass 1: 46 violation(s)  stage=2  elapsed=46.7s
[Greedy]   repair   1/17  block91   [time]  bay1 (119,0)  N/A -> [15,22)  elapsed=48.7s
[Greedy]   repair   2/17  block42   [time]  bay1 (15,0)  N/A -> [18,28)  elapsed=59.9s
[Greedy]   repair   3/17  block147  [forced]  bay0 (0,0)  N/A -> [83,90)  elapsed=59.9s
[Greedy]   repair   4/17  block93   [forced]  bay0 (5,1)  N/A -> [90,96)  elapsed=59.9s
[Greedy]   repair   5/17  block30   [forced]  bay1 (0,1)  N/A -> [86,91)  elapsed=59.9s
[Greedy]   repair   6/17  block63   [forced]  bay1 (18,5)  N/A -> [91,98)  elapsed=59.9s
[Greedy]   repair   7/17  block44   [forced]  bay1 (0,1)  N/A -> [98,105)  elapsed=59.9s
[Greedy]   repair   8/17  block102  [forced]  bay2 (0,0)  N/A -> [85,89)  elapsed=59.9s
[Greedy]   repair   9/17  block2    [forced]  bay1 (0,0)  N/A -> [105,111)  elapsed=59.9s
[Greedy]   repair  10/17  block72   [forced]  bay0 (6,1)  N/A -> [96,101)  elapsed=59.9s
[Greedy]   repair  11/17  block1    [forced]  bay1 (5,3)  N/A -> [111,118)  elapsed=59.9s
[Greedy]   repair  12/17  block47   [forced]  bay0 (8,1)  N/A -> [101,105)  elapsed=59.9s
[Greedy]   repair  13/17  block113  [forced]  bay0 (11,1)  N/A -> [105,113)  elapsed=59.9s
[Greedy]   repair  14/17  block25   [forced]  bay2 (4,1)  N/A -> [89,94)  elapsed=59.9s
[Greedy]   repair  15/17  block41   [forced]  bay0 (7,1)  N/A -> [113,120)  elapsed=59.9s
[Greedy]   repair  16/17  block54   [forced]  bay1 (20,3)  N/A -> [118,126)  elapsed=59.9s
[Greedy]   repair  17/17  block124  [forced]  bay1 (0,1)  N/A -> [126,134)  elapsed=59.9s
[Greedy] Repair done  |  INFEASIBLE stage=2    forced=15  elapsed=59.9s
[Greedy] Repair result infeasible stage=2 -> serial empty-window fallback
[Greedy] --------------------------------------------------------
[Greedy] Done  |  assigned=150/150  elapsed=59.89s
[Greedy] Objective : 348787282  (obj1=21796.0  obj2=7326.0  obj3=0.0)
[baseline_hh v001] greedy_repair_full: PASS obj=348787282.00 elapsed=59.96s remaining=0.00s
[baseline_hh v001] selected feasible obj=348787282.00 total_elapsed=60.06s
