[baseline_hh v006] instance=prob_39 blocks=250 bays=3 timelimit=60.0s
[baseline_hh v005] instance=prob_39 blocks=250 bays=3 timelimit=60.0s
[baseline_hh v005] candidate=official_serial estimated_obj=1788903265.00 obj1=134169.0 obj2=6997 obj3=0.0
[baseline_hh v005] candidate=official_finish estimated_obj=1375755026.00 obj1=103062.0 obj2=5270 obj3=10722.0
[baseline_hh v005] candidate=v002_objective estimated_obj=1383350846.00 obj1=103644.0 obj2=3686 obj3=9671.0
[baseline_hh v005] candidate=slack_objective estimated_obj=1365594836.00 obj1=102306.0 obj2=4022 obj3=10219.0
[baseline_hh v005] candidate=slack_tardiness estimated_obj=1365635119.00 obj1=102305.0 obj2=3026 obj3=10603.0
[baseline_hh v005] candidate=release_finish estimated_obj=1424494890.00 obj1=106726.0 obj2=3983 obj3=10008.0
[baseline_hh v005] candidate=due_balance estimated_obj=1385717758.00 obj1=103816.0 obj2=120 obj3=10257.0
[baseline_hh v005] candidate=long_proc_tardiness estimated_obj=1383839114.00 obj1=103670.0 obj2=5526 obj3=10566.0
[baseline_hh v005] candidate=workload_objective estimated_obj=1381550187.00 obj1=103519.0 obj2=3365 obj3=8786.0
[baseline_hh v005] validate=slack_tardiness feasible=True actual_obj=1365635119.0 estimated_obj=1365635119.00
[baseline_hh v005] validate=slack_objective feasible=True actual_obj=1365594836.0 estimated_obj=1365594836.00
[baseline_hh v005] validate=official_finish feasible=True actual_obj=1375755026.0 estimated_obj=1375755026.00
[baseline_hh v005] validate=workload_objective feasible=True actual_obj=1381550187.0 estimated_obj=1381550187.00
[baseline_hh v005] validate=v002_objective feasible=True actual_obj=1383350846.0 estimated_obj=1383350846.00
[baseline_hh v005] validate=official_serial feasible=True actual_obj=1788903265.0 estimated_obj=1788903265.00
[baseline_hh v005] selected obj=1365635119.00 elapsed=14.46s
[baseline_hh v006] v005 fallback feasible=True T=102305.0 objective=1365635119.0
[baseline_hh v006] skip repaired_greedy remaining=45.46s name=prob_39
