[baseline_hh v004] instance=prob_8 blocks=150 bays=2 timelimit=60.0s
[baseline_hh v003] instance=prob_8 blocks=150 bays=2 timelimit=60.0s
[baseline_hh v003] official_serial feasible=True obj=298042412.0
[baseline_hh v003] objective_aware_serial feasible=True obj=298280308.0
[baseline_hh v003] selected=official_serial obj=298042412.00 elapsed=1.04s
[baseline_hh v004] v003_hybrid_serial feasible=True obj=298042412.0 elapsed=1.09s
[Greedy] Instance : prob_8
[Greedy] Bays     : 2  |  Blocks : 150  |  Timelimit : 36.0s
[Greedy] Weights  : w1=10000  w2=4  w3=200
[Greedy] --------------------------------------------------------
[Greedy]   bay[0]  122x28
[Greedy]   bay[1]  98x25
[Greedy] --------------------------------------------------------
[Greedy] Phase 1 : EDD greedy placement ...
[Greedy]     15/150  block137  -> bay1 (44,0) oi=0  t=[16,23)  loads=[b0=190 b1=587]  fallback=0  0.4s
[Greedy]     30/150  block84   -> bay0 (98,0) oi=0  t=[27,36)  loads=[b0=1046 b1=1277]  fallback=0  4.0s
[Greedy]     45/150  block112  -> bay0 (79,7) oi=0  t=[40,48)  loads=[b0=1469 b1=1961]  fallback=0  6.7s
[Greedy]     60/150  block10   -> bay0 (52,0) oi=0  t=[49,58)  loads=[b0=2019 b1=2478]  fallback=0  11.6s
[Greedy]     75/150  block127  -> bay0 (85,6) oi=0  t=[58,67)  loads=[b0=2789 b1=2586]  fallback=0  18.7s
[Greedy]     90/150  block114  -> bay1 (0,0) oi=6  t=[77,83)  loads=[b0=3393 b1=3186]  fallback=0  25.1s
[Greedy]    105/150  block81   -> bay1 (29,0) oi=0  t=[88,96)  loads=[b0=3753 b1=3662]  fallback=0  27.4s
[Greedy]    120/150  block136  -> bay1 (64,13) oi=4  t=[99,108)  loads=[b0=4068 b1=4063]  fallback=0  30.8s
[Greedy]    135/150  block58   -> bay1 (89,0) oi=0  t=[115,124)  loads=[b0=4360 b1=4553]  fallback=0  34.1s
[Greedy]    150/150  block99   -> bay0 (65,0) oi=0  t=[127,136)  loads=[b0=5091 b1=5667]  fallback=0  39.2s
[Greedy] Phase 1 done  |  placed=150  bay0=5091  bay1=5667  elapsed=39.24s
[Greedy] --------------------------------------------------------
[Greedy] Phase 2 : repair  mode=greedy
[Greedy] Repair done  |  INFEASIBLE stage=2    elapsed=39.3s
[Greedy] Repair result infeasible stage=2 -> serial empty-window fallback
[Greedy] --------------------------------------------------------
[Greedy] Done  |  assigned=150/150  elapsed=39.28s
[Greedy] Objective : 298042412  (obj1=29803.0  obj2=3103.0  obj3=0.0)
[baseline_hh v004] guarded_repaired_greedy feasible=True obj=298042412.0 budget=36.0s elapsed=39.47s
[baseline_hh v004] selected=v003_hybrid_serial obj=298042412.00 elapsed=40.56s
