[baseline_hh v004] instance=prob_3 blocks=100 bays=3 timelimit=60.0s
[baseline_hh v003] instance=prob_3 blocks=100 bays=3 timelimit=60.0s
[baseline_hh v003] official_serial feasible=True obj=270847055.0
[baseline_hh v003] objective_aware_serial feasible=True obj=262823548.0
[baseline_hh v003] selected=objective_aware_serial obj=262823548.00 elapsed=0.45s
[baseline_hh v004] v003_hybrid_serial feasible=True obj=262823548.0 elapsed=0.47s
[Greedy] Instance : prob_3
[Greedy] Bays     : 3  |  Blocks : 100  |  Timelimit : 24.0s
[Greedy] Weights  : w1=26667  w2=10  w3=150
[Greedy] --------------------------------------------------------
[Greedy]   bay[0]  70x23
[Greedy]   bay[1]  136x29
[Greedy]   bay[2]  85x22
[Greedy] --------------------------------------------------------
[Greedy] Phase 1 : EDD greedy placement ...
[Greedy]     10/100  block84   -> bay0 (60,0) oi=0  t=[1,10)  loads=[b0=96 b1=130 b2=60]  fallback=0  0.7s
[Greedy]     20/100  block91   -> bay2 (50,11) oi=4  t=[9,17)  loads=[b0=270 b1=198 b2=251]  fallback=0  2.0s
[Greedy]     30/100  block70   -> bay2 (37,21) oi=4  t=[11,21)  loads=[b0=560 b1=639 b2=705]  fallback=0  9.3s
[Greedy]     40/100  block4    -> bay2 (12,0) oi=7  t=[15,26)  loads=[b0=852 b1=1030 b2=784]  fallback=0  13.4s
[Greedy]     50/100  block3    -> bay0 (43,0) oi=0  t=[21,30)  loads=[b0=920 b1=1997 b2=1080]  fallback=0  18.0s
[Greedy]     60/100  block89   -> bay1 (0,6) oi=6  t=[25,32)  loads=[b0=1387 b1=2135 b2=1263]  fallback=0  25.1s
[Greedy]     70/100  block62   -> bay0 (18,0) oi=0  t=[31,38)  loads=[b0=1478 b1=2194 b2=1695]  fallback=0  30.9s
[Greedy]     80/100  block52   -> bay1 (51,0) oi=6  t=[35,45)  loads=[b0=1570 b1=2731 b2=1865]  fallback=0  34.1s
[Greedy]     90/100  block24   -> bay0 (18,10) oi=3  t=[47,52)  loads=[b0=1922 b1=3489 b2=1984]  fallback=0  35.2s
[Greedy]    100/100  block97   -> bay2 (61,9) oi=4  t=[45,54)  loads=[b0=2095 b1=3964 b2=2306]  fallback=0  41.5s
[Greedy] Phase 1 done  |  placed=100  bay0=2095  bay1=3964  bay2=2306  elapsed=41.53s
[Greedy] --------------------------------------------------------
[Greedy] Phase 2 : repair  mode=greedy
[Greedy] Repair done  |  INFEASIBLE stage=2    elapsed=41.6s
[Greedy] Repair result infeasible stage=2 -> serial empty-window fallback
[Greedy] --------------------------------------------------------
[Greedy] Done  |  assigned=100/100  elapsed=41.57s
[Greedy] Objective : 270847055  (obj1=10155.0  obj2=4367.0  obj3=0.0)
[baseline_hh v004] guarded_repaired_greedy feasible=True obj=270847055.0 budget=24.0s elapsed=41.69s
[baseline_hh v004] selected=v003_hybrid_serial obj=262823548.00 elapsed=42.16s
